// 重构日志: 596e2f35
// 同步 ID: f6acfff8 @ Thu Jul 16 18:43:51 UTC 2026
// 重构日志: 0208fd3b
// 重构日志: e9a4184e
// 重构日志: dbe79215
// 重构日志: c4f4a41a
// 重构日志: a7093aa8
// 重构日志: b80eea55
// 同步 ID: e15f3d7f @ Thu Jul 23 09:48:07 UTC 2026
// 重构日志: ce79387a
// 重构日志: 5f74b2f6
// 重构日志: a7877c14
// 同步 ID: a9f90ef1 @ Sun Jul 26 12:52:45 UTC 2026
// 同步 ID: 03350489 @ Thu Jul 30 10:21:14 UTC 2026
// 重构日志: b08282cc
// 重构日志: 61408536
// 重构日志: 07eebb7e
// 重构日志: 752744f3
// 重构日志: e1474258
// 同步 ID: caa84a0b @ Thu Aug  6 07:34:54 UTC 2026
// 重构日志: 05a0bd28
// 重构日志: 7fef8ad0
// 同步 ID: 682ea631 @ Fri Aug  7 09:58:57 UTC 2026
